------------------------------------------------------------
TimeQuest Timing Analyzer Summary
------------------------------------------------------------

Type  : Slow 1200mV 85C Model Setup 'clock'
Slack : -14.242
TNS   : -3051.380

Type  : Slow 1200mV 85C Model Setup 'c[25]'
Slack : -11.430
TNS   : -22.852

Type  : Slow 1200mV 85C Model Hold 'clock'
Slack : -0.004
TNS   : -0.006

Type  : Slow 1200mV 85C Model Hold 'c[25]'
Slack : 1.997
TNS   : 0.000

Type  : Slow 1200mV 85C Model Minimum Pulse Width 'clock'
Slack : -3.000
TNS   : -441.000

Type  : Slow 1200mV 85C Model Minimum Pulse Width 'c[25]'
Slack : -3.000
TNS   : -3.000

Type  : Slow 1200mV 0C Model Setup 'clock'
Slack : -13.094
TNS   : -2802.879

Type  : Slow 1200mV 0C Model Setup 'c[25]'
Slack : -10.566
TNS   : -21.127

Type  : Slow 1200mV 0C Model Hold 'clock'
Slack : 0.031
TNS   : 0.000

Type  : Slow 1200mV 0C Model Hold 'c[25]'
Slack : 1.835
TNS   : 0.000

Type  : Slow 1200mV 0C Model Minimum Pulse Width 'clock'
Slack : -3.000
TNS   : -441.000

Type  : Slow 1200mV 0C Model Minimum Pulse Width 'c[25]'
Slack : -3.000
TNS   : -3.000

Type  : Fast 1200mV 0C Model Setup 'clock'
Slack : -6.529
TNS   : -1369.250

Type  : Fast 1200mV 0C Model Setup 'c[25]'
Slack : -4.929
TNS   : -9.855

Type  : Fast 1200mV 0C Model Hold 'clock'
Slack : -0.257
TNS   : -1.941

Type  : Fast 1200mV 0C Model Hold 'c[25]'
Slack : 0.705
TNS   : 0.000

Type  : Fast 1200mV 0C Model Minimum Pulse Width 'clock'
Slack : -3.000
TNS   : -298.610

Type  : Fast 1200mV 0C Model Minimum Pulse Width 'c[25]'
Slack : -3.000
TNS   : -3.000

------------------------------------------------------------
